### Result
Total messages: 11 (Errors: 0, Warnings: 3)
Returning 3 messages for level "warning"

[WARNING] Caught a recoverable error. The site is still functional, but might have some UI flickering or degraded page load performance. If you are the author of this website, update external components and check recently added custom code or code overrides to fix the following server/client mismatches:
 Error: Minified React error #425; visit https://reactjs.org/docs/error-decoder.html?invariant=425 for the full message or use the non-minified dev environment for full errors and additional helpful warnings.
style
div
IndexPage@https://framerusercontent.com/sites/Qw9YlQnLg7aytImZPPgM1/hG5J7TfkwC8bq-bmCv6UUdn_nPH9ws-yEU0Y538KY80.u0n3QthD.mjs:807:19490
pS@https://framerusercontent.com/sites/Qw9YlQnLg7aytImZPPgM1/framer.D_BPjP5h.mjs:897:713
Suspense
bl@https://framerusercontent.com/sites/Qw9YlQnLg7aytImZPPgM1/framer.D_BPjP5h.mjs:49:66963
El@https://framerusercontent.com/sites/Qw9YlQnLg7aytImZPPgM1/framer.D_BPjP5h.mjs:49:67631
Tl@https://framerusercontent.com/sites/Qw9YlQnLg7aytImZPPgM1/framer.D_BPjP5h.mjs:49:67513
of@https://framerusercontent.com/sites/Qw9YlQnLg7aytImZPPgM1/motion.CmokNaB2.mjs:9:71126
xa@https://framerusercontent.com/sites/Qw9YlQnLg7aytImZPPgM1/framer.D_BPjP5h.mjs:49:21791
div
motion.div@https://framerusercontent.com/sites/Qw9YlQnLg7aytImZPPgM1/motion.CmokNaB2.mjs:9:5744
@https://framerusercontent.com/sites/Qw9YlQnLg7aytImZPPgM1/framer.D_BPjP5h.mjs:897:1467
@https://framerusercontent.com/sites/Qw9YlQnLg7aytImZPPgM1/framer.D_BPjP5h.mjs:890:32033
@https://framerusercontent.com/sites/Qw9YlQnLg7aytImZPPgM1/framer.D_BPjP5h.mjs:890:31845
div
motion.div@https://framerusercontent.com/sites/Qw9YlQnLg7aytImZPPgM1/motion.CmokNaB2.mjs:9:5744
of@https://framerusercontent.com/sites/Qw9YlQnLg7aytImZPPgM1/motion.CmokNaB2.mjs:9:71126
@https://framerusercontent.com/sites/Qw9YlQnLg7aytImZPPgM1/hG5J7TfkwC8bq-bmCv6UUdn_nPH9ws-yEU0Y538KY80.u0n3QthD.mjs:943:6452
@https://framerusercontent.com/sites/Qw9YlQnLg7aytImZPPgM1/framer.D_BPjP5h.mjs:74:35068
@https://framerusercontent.com/sites/Qw9YlQnLg7aytImZPPgM1/framer.D_BPjP5h.mjs:3:1057
div
motion.div@https://framerusercontent.com/sites/Qw9YlQnLg7aytImZPPgM1/motion.CmokNaB2.mjs:9:5744
of@https://framerusercontent.com/sites/Qw9YlQnLg7aytImZPPgM1/motion.CmokNaB2.mjs:9:71126
@https://framerusercontent.com/sites/Qw9YlQnLg7aytImZPPgM1/script_main.BNuLb-Xz.mjs:11:30613
@https://framerusercontent.com/sites/Qw9YlQnLg7aytImZPPgM1/framer.D_BPjP5h.mjs:74:35068
lr@https://framerusercontent.com/sites/Qw9YlQnLg7aytImZPPgM1/script_main.BNuLb-Xz.mjs:11:66920
wd@https://framerusercontent.com/sites/Qw9YlQnLg7aytImZPPgM1/framer.D_BPjP5h.mjs:51:9957
bv@https://framerusercontent.com/sites/Qw9YlQnLg7aytImZPPgM1/framer.D_BPjP5h.mjs:74:6148
Suspense
bl@https://framerusercontent.com/sites/Qw9YlQnLg7aytImZPPgM1/framer.D_BPjP5h.mjs:49:66963
cS@https://framerusercontent.com/sites/Qw9YlQnLg7aytImZPPgM1/framer.D_BPjP5h.mjs:890:32136
Nu@https://framerusercontent.com/sites/Qw9YlQnLg7aytImZPPgM1/framer.D_BPjP5h.mjs:49:80775
ei@https://framerusercontent.com/sites/Qw9YlQnLg7aytImZPPgM1/framer.D_BPjP5h.mjs:49:6306
@https://framerusercontent.com/sites/Qw9YlQnLg7aytImZPPgM1/framer.D_BPjP5h.mjs:897:2508
@https://framerusercontent.com/sites/Qw9YlQnLg7aytImZPPgM1/framer.D_BPjP5h.mjs:74:35068
kt@https://framerusercontent.com/sites/Qw9YlQnLg7aytImZPPgM1/framer.D_BPjP5h.mjs:3:3277
Cd@https://framerusercontent.com/sites/Qw9YlQnLg7aytImZPPgM1/framer.D_BPjP5h.mjs:51:5184
Iu@https://framerusercontent.com/sites/Qw9YlQnLg7aytImZPPgM1/framer.D_BPjP5h.mjs:49:81663
FC@https://framerusercontent.com/sites/Qw9YlQnLg7aytImZPPgM1/framer.D_BPjP5h.mjs:897:13337
vn@https://framerusercontent.com/sites/Qw9YlQnLg7aytImZPPgM1/framer.D_BPjP5h.mjs:7:9197
sa@https://framerusercontent.com/sites/Qw9YlQnLg7aytImZPPgM1/motion.CmokNaB2.mjs:9:1413
Gr@https://framerusercontent.com/sites/Qw9YlQnLg7aytImZPPgM1/framer.D_BPjP5h.mjs:49:5705
Nd@https://framerusercontent.com/sites/Qw9YlQnLg7aytImZPPgM1/framer.D_BPjP5h.mjs:51:11458
RS@https://framerusercontent.com/sites/Qw9YlQnLg7aytImZPPgM1/framer.D_BPjP5h.mjs:897:6042
ar@https://framerusercontent.com/sites/Qw9YlQnLg7aytImZPPgM1/framer.D_BPjP5h.mjs:7:16139 @ https://framerusercontent.com/sites/Qw9YlQnLg7aytImZPPgM1/script_main.BNuLb-Xz.mjs:10
[WARNING] Caught a recoverable error. The site is still functional, but might have some UI flickering or degraded page load performance. If you are the author of this website, update external components and check recently added custom code or code overrides to fix the following server/client mismatches:
 Error: Minified React error #425; visit https://reactjs.org/docs/error-decoder.html?invariant=425 for the full message or use the non-minified dev environment for full errors and additional helpful warnings.
style
Nt@https://framerusercontent.com/sites/Qw9YlQnLg7aytImZPPgM1/hG5J7TfkwC8bq-bmCv6UUdn_nPH9ws-yEU0Y538KY80.u0n3QthD.mjs:807:12491
div
IndexPage@https://framerusercontent.com/sites/Qw9YlQnLg7aytImZPPgM1/hG5J7TfkwC8bq-bmCv6UUdn_nPH9ws-yEU0Y538KY80.u0n3QthD.mjs:807:19490
pS@https://framerusercontent.com/sites/Qw9YlQnLg7aytImZPPgM1/framer.D_BPjP5h.mjs:897:713
Suspense
bl@https://framerusercontent.com/sites/Qw9YlQnLg7aytImZPPgM1/framer.D_BPjP5h.mjs:49:66963
El@https://framerusercontent.com/sites/Qw9YlQnLg7aytImZPPgM1/framer.D_BPjP5h.mjs:49:67631
Tl@https://framerusercontent.com/sites/Qw9YlQnLg7aytImZPPgM1/framer.D_BPjP5h.mjs:49:67513
of@https://framerusercontent.com/sites/Qw9YlQnLg7aytImZPPgM1/motion.CmokNaB2.mjs:9:71126
xa@https://framerusercontent.com/sites/Qw9YlQnLg7aytImZPPgM1/framer.D_BPjP5h.mjs:49:21791
div
motion.div@https://framerusercontent.com/sites/Qw9YlQnLg7aytImZPPgM1/motion.CmokNaB2.mjs:9:5744
@https://framerusercontent.com/sites/Qw9YlQnLg7aytImZPPgM1/framer.D_BPjP5h.mjs:897:1467
@https://framerusercontent.com/sites/Qw9YlQnLg7aytImZPPgM1/framer.D_BPjP5h.mjs:890:32033
@https://framerusercontent.com/sites/Qw9YlQnLg7aytImZPPgM1/framer.D_BPjP5h.mjs:890:31845
div
motion.div@https://framerusercontent.com/sites/Qw9YlQnLg7aytImZPPgM1/motion.CmokNaB2.mjs:9:5744
of@https://framerusercontent.com/sites/Qw9YlQnLg7aytImZPPgM1/motion.CmokNaB2.mjs:9:71126
@https://framerusercontent.com/sites/Qw9YlQnLg7aytImZPPgM1/hG5J7TfkwC8bq-bmCv6UUdn_nPH9ws-yEU0Y538KY80.u0n3QthD.mjs:943:6452
@https://framerusercontent.com/sites/Qw9YlQnLg7aytImZPPgM1/framer.D_BPjP5h.mjs:74:35068
@https://framerusercontent.com/sites/Qw9YlQnLg7aytImZPPgM1/framer.D_BPjP5h.mjs:3:1057
div
motion.div@https://framerusercontent.com/sites/Qw9YlQnLg7aytImZPPgM1/motion.CmokNaB2.mjs:9:5744
of@https://framerusercontent.com/sites/Qw9YlQnLg7aytImZPPgM1/motion.CmokNaB2.mjs:9:71126
@https://framerusercontent.com/sites/Qw9YlQnLg7aytImZPPgM1/script_main.BNuLb-Xz.mjs:11:30613
@https://framerusercontent.com/sites/Qw9YlQnLg7aytImZPPgM1/framer.D_BPjP5h.mjs:74:35068
lr@https://framerusercontent.com/sites/Qw9YlQnLg7aytImZPPgM1/script_main.BNuLb-Xz.mjs:11:66920
wd@https://framerusercontent.com/sites/Qw9YlQnLg7aytImZPPgM1/framer.D_BPjP5h.mjs:51:9957
bv@https://framerusercontent.com/sites/Qw9YlQnLg7aytImZPPgM1/framer.D_BPjP5h.mjs:74:6148
Suspense
bl@https://framerusercontent.com/sites/Qw9YlQnLg7aytImZPPgM1/framer.D_BPjP5h.mjs:49:66963
cS@https://framerusercontent.com/sites/Qw9YlQnLg7aytImZPPgM1/framer.D_BPjP5h.mjs:890:32136
Nu@https://framerusercontent.com/sites/Qw9YlQnLg7aytImZPPgM1/framer.D_BPjP5h.mjs:49:80775
ei@https://framerusercontent.com/sites/Qw9YlQnLg7aytImZPPgM1/framer.D_BPjP5h.mjs:49:6306
@https://framerusercontent.com/sites/Qw9YlQnLg7aytImZPPgM1/framer.D_BPjP5h.mjs:897:2508
@https://framerusercontent.com/sites/Qw9YlQnLg7aytImZPPgM1/framer.D_BPjP5h.mjs:74:35068
kt@https://framerusercontent.com/sites/Qw9YlQnLg7aytImZPPgM1/framer.D_BPjP5h.mjs:3:3277
Cd@https://framerusercontent.com/sites/Qw9YlQnLg7aytImZPPgM1/framer.D_BPjP5h.mjs:51:5184
Iu@https://framerusercontent.com/sites/Qw9YlQnLg7aytImZPPgM1/framer.D_BPjP5h.mjs:49:81663
FC@https://framerusercontent.com/sites/Qw9YlQnLg7aytImZPPgM1/framer.D_BPjP5h.mjs:897:13337
vn@https://framerusercontent.com/sites/Qw9YlQnLg7aytImZPPgM1/framer.D_BPjP5h.mjs:7:9197
sa@https://framerusercontent.com/sites/Qw9YlQnLg7aytImZPPgM1/motion.CmokNaB2.mjs:9:1413
Gr@https://framerusercontent.com/sites/Qw9YlQnLg7aytImZPPgM1/framer.D_BPjP5h.mjs:49:5705
Nd@https://framerusercontent.com/sites/Qw9YlQnLg7aytImZPPgM1/framer.D_BPjP5h.mjs:51:11458
RS@https://framerusercontent.com/sites/Qw9YlQnLg7aytImZPPgM1/framer.D_BPjP5h.mjs:897:6042
ar@https://framerusercontent.com/sites/Qw9YlQnLg7aytImZPPgM1/framer.D_BPjP5h.mjs:7:16139 @ https://framerusercontent.com/sites/Qw9YlQnLg7aytImZPPgM1/script_main.BNuLb-Xz.mjs:10
[WARNING] Caught a recoverable error. The site is still functional, but might have some UI flickering or degraded page load performance. If you are the author of this website, update external components and check recently added custom code or code overrides to fix the following server/client mismatches:
 Error: Minified React error #422; visit https://reactjs.org/docs/error-decoder.html?invariant=422 for the full message or use the non-minified dev environment for full errors and additional helpful warnings. null @ https://framerusercontent.com/sites/Qw9YlQnLg7aytImZPPgM1/script_main.BNuLb-Xz.mjs:10
